> const cars = ['Tesla', 'Mercedes', 'Honda']
undefined
> const [ randomCar ] = cars
undefined
> const [ ,otherRandomCar ] = cars
undefined
> //Predict the output
undefined
> console.log(randomCar)
Tesla
undefined
> console.log(otherRandomCar)
Mercedes
undefined
> const employee = {
...     name: 'Elon',
...     age: 47,
...     company: 'Tesla'
... }
undefined
> const { name: otherName } = employee;
undefined
> //Predict the output
undefined
> console.log(name);
Uncaught ReferenceError: name is not defined
> console.log(otherName);
Elon
undefined
> const person = {
...     name: 'Phil Smith',
...     age: 47,
...     height: '6 feet'
... }
undefined
> const password = '12345';
undefined
> const { password: hashedPassword } = person;
undefined
> //Predict the output
undefined
> console.log(password);
12345
undefined
> console.log(hashedPassword);
undefined
undefined
> const numbers = [8, 2, 3, 5, 6, 1, 67, 12, 2];
undefined
> const [,first] = numbers;
undefined
> const [,,,second] = numbers;
undefined
> const [,,,,,,,,third] = numbers;
undefined
> //Predict the output
undefined
> console.log(first == second);
false
undefined
> console.log(first == third);
true
undefined
> const lastTest = {
...     key: 'value',
...     secondKey: [1, 5, 1, 8, 3, 3]
... }
undefined
> const { key } = lastTest;
undefined
> const { secondKey } = lastTest;
undefined
> const [ ,willThisWork] = secondKey;
undefined
> //Predict the output
undefined
> console.log(key);
value
undefined
> console.log(secondKey);
[ 1, 5, 1, 8, 3, 3 ]
undefined
> console.log(secondKey[0]);
1
undefined
> console.log(willThisWork);
5
undefined
>